// Jest Snapshot v1, https://goo.gl/fbAQLP

exports[`App should render correct 1`] = `
<h1
  className="title"
>
  Hello World!
</h1>
`;
